This is LuaTeX, Version 1.24.0 (TeX Live 2026)  (format=luatex 2026.8.9)  16 AUG 2026 04:10
 restricted system commands enabled.
**spintent.ins
(./spintent.ins (/usr/local/texlive/2026/texmf-dist/tex/latex/base/docstrip.tex
\blockLevel=\count27
\emptyLines=\count28
\processedLines=\count29
\commentsRemoved=\count30
\commentsPassed=\count31
\codeLinesPassed=\count32
\TotalprocessedLines=\count33
\TotalcommentsRemoved=\count34
\TotalcommentsPassed=\count35
\TotalcodeLinesPassed=\count36
\NumberOfFiles=\count37
\inFile=\read1
\inputcheck=\read2
\@tempcnta=\count38
\off@0=\count39
\off@1=\count40
\off@2=\count41
\off@3=\count42
\off@4=\count43
\off@5=\count44
\off@6=\count45
\off@7=\count46
\off@8=\count47
\off@9=\count48
\off@10=\count49
\off@11=\count50
\off@12=\count51
\off@13=\count52
\off@14=\count53
\off@15=\count54
\@temptokena=\toks13
\@maxfiles=\count55
\@maxoutfiles=\count56
Utility: `docstrip' v2.6c <2024-12-23>
English documentation    <2025-09-23>

**********************************************************
* This program converts documented macro-files into fast *
* loadable files by stripping off (nearly) all comments! *
**********************************************************

********************************************************
* No Configuration file found, using default settings. *
********************************************************

)

Generating file(s) spintent.sty 

\openout0 = spintent.sty

Processing file spintent.dtx (package) -> spintent.sty
Lines  processed: 10452
Comments removed: 4417
Comments  passed: 18
Codelines passed: 6000


Generating file(s) spintent.lua 

\openout0 = spintent.lua

Processing file spintent.dtx (spintentlua) -> spintent.lua
Lines  processed: 10452
Comments removed: 4417
Comments  passed: 18
Codelines passed: 6000

*****************************************************************
*
* To finish the installation you have to move the files into a 
* TDS directory searched by your TeX distribution.
*
* To produce the documentation with source code run arara 
* on file spintent.dtx 
*
* Happy TeXing!
*
*****************************************************************
Overall statistics:
Files  processed: 2
Lines  processed: 20904
Comments removed: 8834
Comments  passed: 36
Codelines passed: 12000
)
warning  (pdf backend): no pages of output.

PDF statistics: 0 PDF objects out of 1000 (max. 8388607)
 0 named destinations out of 1000 (max. 1048576)
 1 words of extra memory for PDF output out of 10000 (max. 100000000)

